// Jest Snapshot v1, https://goo.gl/fbAQLP

exports[`ChatScreen should match snapshot 1`] = `
<RNCSafeAreaView>
  <View
    style={
      Object {
        "alignItems": "center",
        "borderBottomWidth": 1,
        "borderColor": "#000000",
        "flexDirection": "row",
        "height": 64,
      }
    }
  >
    <View
      accessible={true}
      focusable={true}
      onClick={[Function]}
      onResponderGrant={[Function]}
      onResponderMove={[Function]}
      onResponderRelease={[Function]}
      onResponderTerminate={[Function]}
      onResponderTerminationRequest={[Function]}
      onStartShouldSetResponder={[Function]}
      style={
        Object {
          "alignSelf": undefined,
          "marginLeft": 8,
          "opacity": 1,
          "position": "relative",
          "top": undefined,
          "zIndex": 1,
        }
      }
    >
      <Text />
    </View>
    <View
      style={
        Object {
          "marginRight": 8,
        }
      }
    />
    <Image
      source={
        Object {
          "uri": "https://ih1.redbubble.net/image.659413411.3655/st,small,507x507-pad,600x600,f8f8f8.u1.jpg",
        }
      }
      style={
        Object {
          "borderRadius": 24,
          "height": 48,
          "width": 48,
        }
      }
    />
    <View
      style={
        Object {
          "marginLeft": 8,
        }
      }
    >
      <Text
        style={
          Object {
            "color": "#000000",
            "fontFamily": "Damascus",
            "fontSize": 14,
            "textTransform": "none",
          }
        }
      >
        E Corp
      </Text>
      <Text
        style={
          Object {
            "color": "#000000",
            "fontFamily": "DamascusLight",
            "fontSize": 14,
            "textTransform": "none",
          }
        }
      >
        Digital Marketing Manager
      </Text>
    </View>
    <View
      style={
        Object {
          "justifyContent": "center",
          "marginLeft": "auto",
          "marginRight": 8,
        }
      }
    >
      <View
        accessible={true}
        focusable={true}
        onClick={[Function]}
        onResponderGrant={[Function]}
        onResponderMove={[Function]}
        onResponderRelease={[Function]}
        onResponderTerminate={[Function]}
        onResponderTerminationRequest={[Function]}
        onStartShouldSetResponder={[Function]}
        style={
          Object {
            "opacity": 1,
          }
        }
      >
        <Text />
      </View>
    </View>
  </View>
  <View
    onLayout={[Function]}
    style={
      Array [
        Object {
          "height": "92%",
        },
        Object {
          "paddingBottom": 0,
        },
      ]
    }
  >
    <RCTScrollView
      onContentSizeChange={[Function]}
    >
      <View />
    </RCTScrollView>
    <View
      style={
        Object {
          "backgroundColor": "#000000",
          "borderColor": "#000000",
          "borderRadius": 16,
          "borderWidth": 1,
          "flexDirection": "row",
          "margin": 16,
          "marginBottom": 16,
          "padding": 8,
        }
      }
    >
      <TextInput
        allowFontScaling={true}
        multiline={true}
        onChangeText={[Function]}
        onFocus={[Function]}
        placeholder="Write your answer here..."
        placeholderTextColor="rgba(28, 28, 30, 0.4)"
        rejectResponderTermination={true}
        style={
          Object {
            "backgroundColor": "#000000",
            "color": "#000000",
            "flex": 5,
            "padding": 4,
          }
        }
        underlineColorAndroid="transparent"
        value=""
      />
      <View
        accessible={true}
        focusable={true}
        onClick={[Function]}
        onResponderGrant={[Function]}
        onResponderMove={[Function]}
        onResponderRelease={[Function]}
        onResponderTerminate={[Function]}
        onResponderTerminationRequest={[Function]}
        onStartShouldSetResponder={[Function]}
        style={
          Object {
            "flex": 1,
            "justifyContent": "center",
            "marginLeft": 8,
            "opacity": 1,
          }
        }
      >
        <Text
          style={
            Object {
              "color": "#000000",
              "fontFamily": "DamascusBold",
              "fontSize": 16,
              "textTransform": "none",
            }
          }
        >
          Send
        </Text>
      </View>
    </View>
  </View>
</RNCSafeAreaView>
`;
