// Jest Snapshot v1, https://goo.gl/fbAQLP

exports[`CompanyLogo should match snapshot 1`] = `
<Text
  style={
    Object {
      "color": "rgb(28, 28, 30)",
      "fontFamily": "DamascusLight",
      "fontSize": 14,
      "lineHeight": 24,
      "textAlign": "justify",
      "textTransform": "none",
    }
  }
>
  Testi
</Text>
`;
