// Jest Snapshot v1, https://goo.gl/fbAQLP

exports[`CompanyLogo should match snapshot 1`] = `
<View
  style={
    Object {
      "flexDirection": "row",
    }
  }
>
  <Text />
  <Text
    style={
      Object {
        "color": "#000000",
        "fontFamily": "DamascusLight",
        "fontSize": 14,
        "textTransform": "none",
      }
    }
  >
    Deadline in 
    1
     days
  </Text>
</View>
`;
