// Jest Snapshot v1, https://goo.gl/fbAQLP

exports[`GoBackButton should match snapshot 1`] = `
<View
  accessible={true}
  focusable={true}
  onClick={[Function]}
  onResponderGrant={[Function]}
  onResponderMove={[Function]}
  onResponderRelease={[Function]}
  onResponderTerminate={[Function]}
  onResponderTerminationRequest={[Function]}
  onStartShouldSetResponder={[Function]}
  style={
    Object {
      "alignSelf": "flex-start",
      "marginLeft": 8,
      "opacity": 1,
      "position": "absolute",
      "top": 48,
      "zIndex": 1,
    }
  }
>
  <Text />
</View>
`;
