// Jest Snapshot v1, https://goo.gl/fbAQLP

exports[`InputBarWithIcon should match snapshot 1`] = `
<View
  style={
    Array [
      Object {
        "backgroundColor": "#f1f1f1",
        "borderRadius": 8,
        "flexDirection": "row",
        "height": 32,
        "margin": 16,
      },
      Object {},
    ]
  }
>
  <Text />
  <TextInput
    allowFontScaling={true}
    onChangeText={[MockFunction]}
    placeholder="Search"
    placeholderTextColor="rgba(28, 28, 30, 0.4)"
    rejectResponderTermination={true}
    returnKeyType="done"
    style={
      Object {
        "color": "rgb(28, 28, 30)",
        "width": "70%",
      }
    }
    underlineColorAndroid="transparent"
    value="test"
  />
</View>
`;
