// Jest Snapshot v1, https://goo.gl/fbAQLP

exports[`JobPostImageBackground should match snapshot 1`] = `
<View
  accessibilityIgnoresInvertColors={true}
  style={
    Object {
      "height": 280,
    }
  }
>
  <Image
    resizeMode="stretch"
    source={
      Object {
        "uri": "testUrl",
      }
    }
    style={
      Array [
        Object {
          "bottom": 0,
          "left": 0,
          "position": "absolute",
          "right": 0,
          "top": 0,
        },
        Object {
          "height": 280,
          "width": undefined,
        },
        undefined,
      ]
    }
  />
  <Text>
    Test
  </Text>
</View>
`;
