// Jest Snapshot v1, https://goo.gl/fbAQLP

exports[`ShortDescription should match snapshot 1`] = `
<View
  style={
    Object {
      "width": 280,
    }
  }
>
  <Text
    style={
      Object {
        "color": "#000000",
        "fontFamily": "DamascusLight",
        "fontSize": 14,
        "lineHeight": 24,
        "textAlign": "justify",
        "textTransform": "none",
      }
    }
  >
    testi
  </Text>
</View>
`;
